[0.041s] Invoking command in '/home/sam/work/sensor_fusion_learn/Autonomous-Mobile-Robotics/build/robot_description': CMAKE_PREFIX_PATH=${CMAKE_PREFIX_PATH}:/opt/ros/jazzy DEBUGINFOD_URLS=https://debuginfod.ubuntu.com /usr/bin/cmake /home/sam/work/sensor_fusion_learn/Autonomous-Mobile-Robotics/src/robot_description -DAMENT_CMAKE_SYMLINK_INSTALL=1 -DCMAKE_INSTALL_PREFIX=/home/sam/work/sensor_fusion_learn/Autonomous-Mobile-Robotics/install/robot_description
[0.087s] -- Found ament_cmake: 2.5.4 (/opt/ros/jazzy/share/ament_cmake/cmake)
[0.869s] -- Override CMake install command with custom implementation using symlinks instead of copying resources
[1.247s] -- Configuring done (1.2s)
[1.257s] -- Generating done (0.0s)
[1.263s] -- Build files have been written to: /home/sam/work/sensor_fusion_learn/Autonomous-Mobile-Robotics/build/robot_description
[1.272s] Invoked command in '/home/sam/work/sensor_fusion_learn/Autonomous-Mobile-Robotics/build/robot_description' returned '0': CMAKE_PREFIX_PATH=${CMAKE_PREFIX_PATH}:/opt/ros/jazzy DEBUGINFOD_URLS=https://debuginfod.ubuntu.com /usr/bin/cmake /home/sam/work/sensor_fusion_learn/Autonomous-Mobile-Robotics/src/robot_description -DAMENT_CMAKE_SYMLINK_INSTALL=1 -DCMAKE_INSTALL_PREFIX=/home/sam/work/sensor_fusion_learn/Autonomous-Mobile-Robotics/install/robot_description
[1.276s] Invoking command in '/home/sam/work/sensor_fusion_learn/Autonomous-Mobile-Robotics/build/robot_description': CMAKE_PREFIX_PATH=${CMAKE_PREFIX_PATH}:/opt/ros/jazzy DEBUGINFOD_URLS=https://debuginfod.ubuntu.com /usr/bin/cmake --build /home/sam/work/sensor_fusion_learn/Autonomous-Mobile-Robotics/build/robot_description -- -j12 -l12
[1.415s] Invoked command in '/home/sam/work/sensor_fusion_learn/Autonomous-Mobile-Robotics/build/robot_description' returned '0': CMAKE_PREFIX_PATH=${CMAKE_PREFIX_PATH}:/opt/ros/jazzy DEBUGINFOD_URLS=https://debuginfod.ubuntu.com /usr/bin/cmake --build /home/sam/work/sensor_fusion_learn/Autonomous-Mobile-Robotics/build/robot_description -- -j12 -l12
[1.449s] Invoking command in '/home/sam/work/sensor_fusion_learn/Autonomous-Mobile-Robotics/build/robot_description': CMAKE_PREFIX_PATH=${CMAKE_PREFIX_PATH}:/opt/ros/jazzy DEBUGINFOD_URLS=https://debuginfod.ubuntu.com /usr/bin/cmake --install /home/sam/work/sensor_fusion_learn/Autonomous-Mobile-Robotics/build/robot_description
[1.476s] -- Install configuration: ""
[1.478s] -- Execute custom install script
[1.479s] -- Up-to-date symlink: /home/sam/work/sensor_fusion_learn/Autonomous-Mobile-Robotics/install/robot_description/share/robot_description/urdf/automaton.gazebo
[1.480s] -- Up-to-date symlink: /home/sam/work/sensor_fusion_learn/Autonomous-Mobile-Robotics/install/robot_description/share/robot_description/urdf/automaton.urdf.xacro
[1.480s] -- Up-to-date symlink: /home/sam/work/sensor_fusion_learn/Autonomous-Mobile-Robotics/install/robot_description/share/robot_description/urdf/laser.urdf.xacro
[1.482s] -- Up-to-date symlink: /home/sam/work/sensor_fusion_learn/Autonomous-Mobile-Robotics/install/robot_description/share/robot_description/meshes/base.stl
[1.482s] -- Up-to-date symlink: /home/sam/work/sensor_fusion_learn/Autonomous-Mobile-Robotics/install/robot_description/share/robot_description/meshes/d435.dae
[1.483s] -- Up-to-date symlink: /home/sam/work/sensor_fusion_learn/Autonomous-Mobile-Robotics/install/robot_description/share/robot_description/meshes/hokuyo_ust10_lidar.stl
[1.484s] -- Up-to-date symlink: /home/sam/work/sensor_fusion_learn/Autonomous-Mobile-Robotics/install/robot_description/share/robot_description/meshes/wheel.stl
[1.484s] -- Up-to-date symlink: /home/sam/work/sensor_fusion_learn/Autonomous-Mobile-Robotics/install/robot_description/share/robot_description/launch/description.launch
[1.485s] -- Up-to-date symlink: /home/sam/work/sensor_fusion_learn/Autonomous-Mobile-Robotics/install/robot_description/share/robot_description/launch/description.launch.py
[1.486s] -- Up-to-date symlink: /home/sam/work/sensor_fusion_learn/Autonomous-Mobile-Robotics/install/robot_description/share/robot_description/launch/gazebo.launch.py
[1.486s] -- Up-to-date symlink: /home/sam/work/sensor_fusion_learn/Autonomous-Mobile-Robotics/install/robot_description/share/robot_description/launch/gazebo_automaton.launch
[1.487s] -- Up-to-date symlink: /home/sam/work/sensor_fusion_learn/Autonomous-Mobile-Robotics/install/robot_description/share/robot_description/rviz_config/automaton.rviz
[1.488s] -- Up-to-date symlink: /home/sam/work/sensor_fusion_learn/Autonomous-Mobile-Robotics/install/robot_description/share/robot_description/rviz_config/urdf.rviz
[1.489s] -- Up-to-date symlink: /home/sam/work/sensor_fusion_learn/Autonomous-Mobile-Robotics/install/robot_description/share/robot_description/config/control.yaml
[1.490s] -- Up-to-date symlink: /home/sam/work/sensor_fusion_learn/Autonomous-Mobile-Robotics/install/robot_description/share/robot_description/worlds/automaton_world.sdf
[1.490s] -- Up-to-date symlink: /home/sam/work/sensor_fusion_learn/Autonomous-Mobile-Robotics/install/robot_description/share/ament_index/resource_index/package_run_dependencies/robot_description
[1.491s] -- Up-to-date symlink: /home/sam/work/sensor_fusion_learn/Autonomous-Mobile-Robotics/install/robot_description/share/ament_index/resource_index/parent_prefix_path/robot_description
[1.492s] -- Up-to-date symlink: /home/sam/work/sensor_fusion_learn/Autonomous-Mobile-Robotics/install/robot_description/share/robot_description/environment/ament_prefix_path.sh
[1.492s] -- Up-to-date symlink: /home/sam/work/sensor_fusion_learn/Autonomous-Mobile-Robotics/install/robot_description/share/robot_description/environment/ament_prefix_path.dsv
[1.493s] -- Up-to-date symlink: /home/sam/work/sensor_fusion_learn/Autonomous-Mobile-Robotics/install/robot_description/share/robot_description/environment/path.sh
[1.494s] -- Up-to-date symlink: /home/sam/work/sensor_fusion_learn/Autonomous-Mobile-Robotics/install/robot_description/share/robot_description/environment/path.dsv
[1.495s] -- Up-to-date symlink: /home/sam/work/sensor_fusion_learn/Autonomous-Mobile-Robotics/install/robot_description/share/robot_description/local_setup.bash
[1.495s] -- Up-to-date symlink: /home/sam/work/sensor_fusion_learn/Autonomous-Mobile-Robotics/install/robot_description/share/robot_description/local_setup.sh
[1.496s] -- Up-to-date symlink: /home/sam/work/sensor_fusion_learn/Autonomous-Mobile-Robotics/install/robot_description/share/robot_description/local_setup.zsh
[1.496s] -- Up-to-date symlink: /home/sam/work/sensor_fusion_learn/Autonomous-Mobile-Robotics/install/robot_description/share/robot_description/local_setup.dsv
[1.497s] -- Symlinking: /home/sam/work/sensor_fusion_learn/Autonomous-Mobile-Robotics/install/robot_description/share/robot_description/package.dsv
[1.528s] -- Up-to-date symlink: /home/sam/work/sensor_fusion_learn/Autonomous-Mobile-Robotics/install/robot_description/share/ament_index/resource_index/packages/robot_description
[1.528s] -- Up-to-date symlink: /home/sam/work/sensor_fusion_learn/Autonomous-Mobile-Robotics/install/robot_description/share/robot_description/cmake/robot_descriptionConfig.cmake
[1.529s] -- Up-to-date symlink: /home/sam/work/sensor_fusion_learn/Autonomous-Mobile-Robotics/install/robot_description/share/robot_description/cmake/robot_descriptionConfig-version.cmake
[1.529s] -- Up-to-date symlink: /home/sam/work/sensor_fusion_learn/Autonomous-Mobile-Robotics/install/robot_description/share/robot_description/package.xml
[1.535s] Invoked command in '/home/sam/work/sensor_fusion_learn/Autonomous-Mobile-Robotics/build/robot_description' returned '0': CMAKE_PREFIX_PATH=${CMAKE_PREFIX_PATH}:/opt/ros/jazzy DEBUGINFOD_URLS=https://debuginfod.ubuntu.com /usr/bin/cmake --install /home/sam/work/sensor_fusion_learn/Autonomous-Mobile-Robotics/build/robot_description
