[0.611s] DEBUG:colcon:Command line arguments: ['/usr/bin/colcon', 'build', '--symlink-install']
[0.612s] DEBUG:colcon:Parsed command line arguments: Namespace(log_base=None, log_level=None, verb_name='build', build_base='build', install_base='install', merge_install=False, symlink_install=True, test_result_base=None, continue_on_error=False, executor='parallel', parallel_workers=12, event_handlers=None, ignore_user_meta=False, metas=['./colcon.meta'], base_paths=['.'], packages_ignore=None, packages_ignore_regex=None, paths=None, packages_up_to=None, packages_up_to_regex=None, packages_above=None, packages_above_and_dependencies=None, packages_above_depth=None, packages_select_by_dep=None, packages_skip_by_dep=None, packages_skip_up_to=None, packages_select_build_failed=False, packages_skip_build_finished=False, packages_select_test_failures=False, packages_skip_test_passed=False, packages_select=None, packages_skip=None, packages_select_regex=None, packages_skip_regex=None, packages_start=None, packages_end=None, allow_overriding=[], cmake_args=None, cmake_target=None, cmake_target_skip_unavailable=False, cmake_clean_cache=False, cmake_clean_first=False, cmake_force_configure=False, ament_cmake_args=None, catkin_cmake_args=None, catkin_skip_building_tests=False, mixin_files=None, mixin=None, verb_parser=<colcon_mixin.mixin.mixin_argument.MixinArgumentDecorator object at 0x787b76da21e0>, verb_extension=<colcon_core.verb.build.BuildVerb object at 0x787b76fc4440>, main=<bound method BuildVerb.main of <colcon_core.verb.build.BuildVerb object at 0x787b76fc4440>>, mixin_verb=('build',))
[0.818s] Level 1:colcon.colcon_core.package_discovery:discover_packages(colcon_meta) check parameters
[0.818s] Level 1:colcon.colcon_core.package_discovery:discover_packages(recursive) check parameters
[0.818s] Level 1:colcon.colcon_core.package_discovery:discover_packages(ignore) check parameters
[0.819s] Level 1:colcon.colcon_core.package_discovery:discover_packages(path) check parameters
[0.819s] Level 1:colcon.colcon_core.package_discovery:discover_packages(colcon_meta) discover
[0.819s] Level 1:colcon.colcon_core.package_discovery:discover_packages(recursive) discover
[0.819s] INFO:colcon.colcon_core.package_discovery:Crawling recursively for packages in '/home/sam/work/sensor_fusion_learn/Autonomous-Mobile-Robotics'
[0.820s] Level 1:colcon.colcon_core.package_identification:_identify(.) by extensions ['ignore', 'ignore_ament_install']
[0.820s] Level 1:colcon.colcon_core.package_identification:_identify(.) by extension 'ignore'
[0.820s] Level 1:colcon.colcon_core.package_identification:_identify(.) by extension 'ignore_ament_install'
[0.821s] Level 1:colcon.colcon_core.package_identification:_identify(.) by extensions ['colcon_pkg']
[0.821s] Level 1:colcon.colcon_core.package_identification:_identify(.) by extension 'colcon_pkg'
[0.821s] Level 1:colcon.colcon_core.package_identification:_identify(.) by extensions ['colcon_meta']
[0.821s] Level 1:colcon.colcon_core.package_identification:_identify(.) by extension 'colcon_meta'
[0.821s] Level 1:colcon.colcon_core.package_identification:_identify(.) by extensions ['ros']
[0.821s] Level 1:colcon.colcon_core.package_identification:_identify(.) by extension 'ros'
[0.935s] Level 1:colcon.colcon_core.package_identification:_identify(.) by extensions ['cmake', 'python']
[0.936s] Level 1:colcon.colcon_core.package_identification:_identify(.) by extension 'cmake'
[0.936s] Level 1:colcon.colcon_core.package_identification:_identify(.) by extension 'python'
[0.936s] Level 1:colcon.colcon_core.package_identification:_identify(.) by extensions ['python_setup_py']
[0.936s] Level 1:colcon.colcon_core.package_identification:_identify(.) by extension 'python_setup_py'
[0.937s] Level 1:colcon.colcon_core.package_identification:_identify(build) by extensions ['ignore', 'ignore_ament_install']
[0.937s] Level 1:colcon.colcon_core.package_identification:_identify(build) by extension 'ignore'
[0.937s] Level 1:colcon.colcon_core.package_identification:_identify(build) ignored
[0.938s] Level 1:colcon.colcon_core.package_identification:_identify(install) by extensions ['ignore', 'ignore_ament_install']
[0.939s] Level 1:colcon.colcon_core.package_identification:_identify(install) by extension 'ignore'
[0.939s] Level 1:colcon.colcon_core.package_identification:_identify(install) ignored
[0.939s] Level 1:colcon.colcon_core.package_identification:_identify(log) by extensions ['ignore', 'ignore_ament_install']
[0.939s] Level 1:colcon.colcon_core.package_identification:_identify(log) by extension 'ignore'
[0.940s] Level 1:colcon.colcon_core.package_identification:_identify(log) ignored
[0.940s] Level 1:colcon.colcon_core.package_identification:_identify(src) by extensions ['ignore', 'ignore_ament_install']
[0.940s] Level 1:colcon.colcon_core.package_identification:_identify(src) by extension 'ignore'
[0.940s] Level 1:colcon.colcon_core.package_identification:_identify(src) by extension 'ignore_ament_install'
[0.941s] Level 1:colcon.colcon_core.package_identification:_identify(src) by extensions ['colcon_pkg']
[0.941s] Level 1:colcon.colcon_core.package_identification:_identify(src) by extension 'colcon_pkg'
[0.941s] Level 1:colcon.colcon_core.package_identification:_identify(src) by extensions ['colcon_meta']
[0.941s] Level 1:colcon.colcon_core.package_identification:_identify(src) by extension 'colcon_meta'
[0.941s] Level 1:colcon.colcon_core.package_identification:_identify(src) by extensions ['ros']
[0.942s] Level 1:colcon.colcon_core.package_identification:_identify(src) by extension 'ros'
[0.942s] Level 1:colcon.colcon_core.package_identification:_identify(src) by extensions ['cmake', 'python']
[0.942s] Level 1:colcon.colcon_core.package_identification:_identify(src) by extension 'cmake'
[0.943s] Level 1:colcon.colcon_core.package_identification:_identify(src) by extension 'python'
[0.943s] Level 1:colcon.colcon_core.package_identification:_identify(src) by extensions ['python_setup_py']
[0.943s] Level 1:colcon.colcon_core.package_identification:_identify(src) by extension 'python_setup_py'
[0.943s] Level 1:colcon.colcon_core.package_identification:_identify(src/robot_description) by extensions ['ignore', 'ignore_ament_install']
[0.944s] Level 1:colcon.colcon_core.package_identification:_identify(src/robot_description) by extension 'ignore'
[0.944s] Level 1:colcon.colcon_core.package_identification:_identify(src/robot_description) by extension 'ignore_ament_install'
[0.944s] Level 1:colcon.colcon_core.package_identification:_identify(src/robot_description) by extensions ['colcon_pkg']
[0.944s] Level 1:colcon.colcon_core.package_identification:_identify(src/robot_description) by extension 'colcon_pkg'
[0.944s] Level 1:colcon.colcon_core.package_identification:_identify(src/robot_description) by extensions ['colcon_meta']
[0.945s] Level 1:colcon.colcon_core.package_identification:_identify(src/robot_description) by extension 'colcon_meta'
[0.945s] Level 1:colcon.colcon_core.package_identification:_identify(src/robot_description) by extensions ['ros']
[0.945s] Level 1:colcon.colcon_core.package_identification:_identify(src/robot_description) by extension 'ros'
[0.955s] DEBUG:colcon.colcon_core.package_identification:Package 'src/robot_description' with type 'ros.ament_cmake' and name 'robot_description'
[0.955s] Level 1:colcon.colcon_core.package_discovery:discover_packages(recursive) using defaults
[0.956s] Level 1:colcon.colcon_core.package_discovery:discover_packages(ignore) discover
[0.956s] Level 1:colcon.colcon_core.package_discovery:discover_packages(ignore) using defaults
[0.956s] Level 1:colcon.colcon_core.package_discovery:discover_packages(path) discover
[0.956s] Level 1:colcon.colcon_core.package_discovery:discover_packages(path) using defaults
[1.033s] Level 1:colcon.colcon_core.package_discovery:discover_packages(prefix_path) check parameters
[1.033s] Level 1:colcon.colcon_core.package_discovery:discover_packages(prefix_path) discover
[1.048s] DEBUG:colcon.colcon_installed_package_information.package_discovery:Found 515 installed packages in /opt/ros/jazzy
[1.056s] Level 1:colcon.colcon_core.package_discovery:discover_packages(prefix_path) using defaults
[1.393s] Level 5:colcon.colcon_core.verb:set package 'robot_description' build argument 'cmake_args' from command line to 'None'
[1.393s] Level 5:colcon.colcon_core.verb:set package 'robot_description' build argument 'cmake_target' from command line to 'None'
[1.393s] Level 5:colcon.colcon_core.verb:set package 'robot_description' build argument 'cmake_target_skip_unavailable' from command line to 'False'
[1.394s] Level 5:colcon.colcon_core.verb:set package 'robot_description' build argument 'cmake_clean_cache' from command line to 'False'
[1.394s] Level 5:colcon.colcon_core.verb:set package 'robot_description' build argument 'cmake_clean_first' from command line to 'False'
[1.394s] Level 5:colcon.colcon_core.verb:set package 'robot_description' build argument 'cmake_force_configure' from command line to 'False'
[1.394s] Level 5:colcon.colcon_core.verb:set package 'robot_description' build argument 'ament_cmake_args' from command line to 'None'
[1.394s] Level 5:colcon.colcon_core.verb:set package 'robot_description' build argument 'catkin_cmake_args' from command line to 'None'
[1.394s] Level 5:colcon.colcon_core.verb:set package 'robot_description' build argument 'catkin_skip_building_tests' from command line to 'False'
[1.395s] DEBUG:colcon.colcon_core.verb:Building package 'robot_description' with the following arguments: {'ament_cmake_args': None, 'build_base': '/home/sam/work/sensor_fusion_learn/Autonomous-Mobile-Robotics/build/robot_description', 'catkin_cmake_args': None, 'catkin_skip_building_tests': False, 'cmake_args': None, 'cmake_clean_cache': False, 'cmake_clean_first': False, 'cmake_force_configure': False, 'cmake_target': None, 'cmake_target_skip_unavailable': False, 'install_base': '/home/sam/work/sensor_fusion_learn/Autonomous-Mobile-Robotics/install/robot_description', 'merge_install': False, 'path': '/home/sam/work/sensor_fusion_learn/Autonomous-Mobile-Robotics/src/robot_description', 'symlink_install': True, 'test_result_base': None}
[1.395s] INFO:colcon.colcon_core.executor:Executing jobs using 'parallel' executor
[1.398s] DEBUG:colcon.colcon_parallel_executor.executor.parallel:run_until_complete
[1.399s] INFO:colcon.colcon_ros.task.ament_cmake.build:Building ROS package in '/home/sam/work/sensor_fusion_learn/Autonomous-Mobile-Robotics/src/robot_description' with build type 'ament_cmake'
[1.399s] INFO:colcon.colcon_cmake.task.cmake.build:Building CMake package in '/home/sam/work/sensor_fusion_learn/Autonomous-Mobile-Robotics/src/robot_description'
[1.407s] INFO:colcon.colcon_core.plugin_system:Skipping extension 'colcon_core.shell.bat': Not used on non-Windows systems
[1.408s] INFO:colcon.colcon_core.shell:Skip shell extension 'powershell' for command environment: Not usable outside of PowerShell
[1.408s] DEBUG:colcon.colcon_core.shell:Skip shell extension 'dsv' for command environment
[1.445s] DEBUG:colcon.colcon_core.event_handler.log_command:Invoking command in '/home/sam/work/sensor_fusion_learn/Autonomous-Mobile-Robotics/build/robot_description': CMAKE_PREFIX_PATH=${CMAKE_PREFIX_PATH}:/opt/ros/jazzy DEBUGINFOD_URLS=https://debuginfod.ubuntu.com /usr/bin/cmake /home/sam/work/sensor_fusion_learn/Autonomous-Mobile-Robotics/src/robot_description -DAMENT_CMAKE_SYMLINK_INSTALL=1 -DCMAKE_INSTALL_PREFIX=/home/sam/work/sensor_fusion_learn/Autonomous-Mobile-Robotics/install/robot_description
[3.245s] DEBUG:colcon.colcon_core.event_handler.log_command:Invoked command in '/home/sam/work/sensor_fusion_learn/Autonomous-Mobile-Robotics/build/robot_description' returned '0': CMAKE_PREFIX_PATH=${CMAKE_PREFIX_PATH}:/opt/ros/jazzy DEBUGINFOD_URLS=https://debuginfod.ubuntu.com /usr/bin/cmake /home/sam/work/sensor_fusion_learn/Autonomous-Mobile-Robotics/src/robot_description -DAMENT_CMAKE_SYMLINK_INSTALL=1 -DCMAKE_INSTALL_PREFIX=/home/sam/work/sensor_fusion_learn/Autonomous-Mobile-Robotics/install/robot_description
[3.251s] DEBUG:colcon.colcon_core.event_handler.log_command:Invoking command in '/home/sam/work/sensor_fusion_learn/Autonomous-Mobile-Robotics/build/robot_description': CMAKE_PREFIX_PATH=${CMAKE_PREFIX_PATH}:/opt/ros/jazzy DEBUGINFOD_URLS=https://debuginfod.ubuntu.com /usr/bin/cmake --build /home/sam/work/sensor_fusion_learn/Autonomous-Mobile-Robotics/build/robot_description -- -j12 -l12
[3.412s] DEBUG:colcon.colcon_core.event_handler.log_command:Invoked command in '/home/sam/work/sensor_fusion_learn/Autonomous-Mobile-Robotics/build/robot_description' returned '0': CMAKE_PREFIX_PATH=${CMAKE_PREFIX_PATH}:/opt/ros/jazzy DEBUGINFOD_URLS=https://debuginfod.ubuntu.com /usr/bin/cmake --build /home/sam/work/sensor_fusion_learn/Autonomous-Mobile-Robotics/build/robot_description -- -j12 -l12
[3.451s] DEBUG:colcon.colcon_core.event_handler.log_command:Invoking command in '/home/sam/work/sensor_fusion_learn/Autonomous-Mobile-Robotics/build/robot_description': CMAKE_PREFIX_PATH=${CMAKE_PREFIX_PATH}:/opt/ros/jazzy DEBUGINFOD_URLS=https://debuginfod.ubuntu.com /usr/bin/cmake --install /home/sam/work/sensor_fusion_learn/Autonomous-Mobile-Robotics/build/robot_description
[4.572s] Level 1:colcon.colcon_core.environment:create_environment_scripts_only(robot_description)
[4.574s] DEBUG:colcon.colcon_core.event_handler.log_command:Invoked command in '/home/sam/work/sensor_fusion_learn/Autonomous-Mobile-Robotics/build/robot_description' returned '0': CMAKE_PREFIX_PATH=${CMAKE_PREFIX_PATH}:/opt/ros/jazzy DEBUGINFOD_URLS=https://debuginfod.ubuntu.com /usr/bin/cmake --install /home/sam/work/sensor_fusion_learn/Autonomous-Mobile-Robotics/build/robot_description
[4.582s] Level 1:colcon.colcon_core.environment:checking '/home/sam/work/sensor_fusion_learn/Autonomous-Mobile-Robotics/install/robot_description' for CMake module files
[4.585s] Level 1:colcon.colcon_core.environment:checking '/home/sam/work/sensor_fusion_learn/Autonomous-Mobile-Robotics/install/robot_description' for CMake config files
[4.586s] Level 1:colcon.colcon_core.shell:create_environment_hook('robot_description', 'cmake_prefix_path')
[4.587s] INFO:colcon.colcon_core.shell:Creating environment hook '/home/sam/work/sensor_fusion_learn/Autonomous-Mobile-Robotics/install/robot_description/share/robot_description/hook/cmake_prefix_path.ps1'
[4.589s] INFO:colcon.colcon_core.shell:Creating environment descriptor '/home/sam/work/sensor_fusion_learn/Autonomous-Mobile-Robotics/install/robot_description/share/robot_description/hook/cmake_prefix_path.dsv'
[4.591s] INFO:colcon.colcon_core.shell:Creating environment hook '/home/sam/work/sensor_fusion_learn/Autonomous-Mobile-Robotics/install/robot_description/share/robot_description/hook/cmake_prefix_path.sh'
[4.594s] Level 1:colcon.colcon_core.environment:checking '/home/sam/work/sensor_fusion_learn/Autonomous-Mobile-Robotics/install/robot_description/bin'
[4.594s] Level 1:colcon.colcon_core.environment:checking '/home/sam/work/sensor_fusion_learn/Autonomous-Mobile-Robotics/install/robot_description/lib/pkgconfig/robot_description.pc'
[4.595s] Level 1:colcon.colcon_core.environment:checking '/home/sam/work/sensor_fusion_learn/Autonomous-Mobile-Robotics/install/robot_description/lib/python3.12/site-packages'
[4.596s] Level 1:colcon.colcon_core.environment:checking '/home/sam/work/sensor_fusion_learn/Autonomous-Mobile-Robotics/install/robot_description/bin'
[4.597s] INFO:colcon.colcon_core.shell:Creating package script '/home/sam/work/sensor_fusion_learn/Autonomous-Mobile-Robotics/install/robot_description/share/robot_description/package.ps1'
[4.600s] INFO:colcon.colcon_core.shell:Creating package descriptor '/home/sam/work/sensor_fusion_learn/Autonomous-Mobile-Robotics/install/robot_description/share/robot_description/package.dsv'
[4.602s] INFO:colcon.colcon_core.shell:Creating package script '/home/sam/work/sensor_fusion_learn/Autonomous-Mobile-Robotics/install/robot_description/share/robot_description/package.sh'
[4.605s] INFO:colcon.colcon_core.shell:Creating package script '/home/sam/work/sensor_fusion_learn/Autonomous-Mobile-Robotics/install/robot_description/share/robot_description/package.bash'
[4.607s] INFO:colcon.colcon_core.shell:Creating package script '/home/sam/work/sensor_fusion_learn/Autonomous-Mobile-Robotics/install/robot_description/share/robot_description/package.zsh'
[4.610s] Level 1:colcon.colcon_core.environment:create_file_with_runtime_dependencies(/home/sam/work/sensor_fusion_learn/Autonomous-Mobile-Robotics/install/robot_description/share/colcon-core/packages/robot_description)
[4.613s] Level 1:colcon.colcon_core.environment:create_environment_scripts_only(robot_description)
[4.614s] Level 1:colcon.colcon_core.environment:checking '/home/sam/work/sensor_fusion_learn/Autonomous-Mobile-Robotics/install/robot_description' for CMake module files
[4.616s] Level 1:colcon.colcon_core.environment:checking '/home/sam/work/sensor_fusion_learn/Autonomous-Mobile-Robotics/install/robot_description' for CMake config files
[4.617s] Level 1:colcon.colcon_core.shell:create_environment_hook('robot_description', 'cmake_prefix_path')
[4.618s] INFO:colcon.colcon_core.shell:Creating environment hook '/home/sam/work/sensor_fusion_learn/Autonomous-Mobile-Robotics/install/robot_description/share/robot_description/hook/cmake_prefix_path.ps1'
[4.620s] INFO:colcon.colcon_core.shell:Creating environment descriptor '/home/sam/work/sensor_fusion_learn/Autonomous-Mobile-Robotics/install/robot_description/share/robot_description/hook/cmake_prefix_path.dsv'
[4.621s] INFO:colcon.colcon_core.shell:Creating environment hook '/home/sam/work/sensor_fusion_learn/Autonomous-Mobile-Robotics/install/robot_description/share/robot_description/hook/cmake_prefix_path.sh'
[4.624s] Level 1:colcon.colcon_core.environment:checking '/home/sam/work/sensor_fusion_learn/Autonomous-Mobile-Robotics/install/robot_description/bin'
[4.624s] Level 1:colcon.colcon_core.environment:checking '/home/sam/work/sensor_fusion_learn/Autonomous-Mobile-Robotics/install/robot_description/lib/pkgconfig/robot_description.pc'
[4.625s] Level 1:colcon.colcon_core.environment:checking '/home/sam/work/sensor_fusion_learn/Autonomous-Mobile-Robotics/install/robot_description/lib/python3.12/site-packages'
[4.626s] Level 1:colcon.colcon_core.environment:checking '/home/sam/work/sensor_fusion_learn/Autonomous-Mobile-Robotics/install/robot_description/bin'
[4.627s] INFO:colcon.colcon_core.shell:Creating package script '/home/sam/work/sensor_fusion_learn/Autonomous-Mobile-Robotics/install/robot_description/share/robot_description/package.ps1'
[4.629s] INFO:colcon.colcon_core.shell:Creating package descriptor '/home/sam/work/sensor_fusion_learn/Autonomous-Mobile-Robotics/install/robot_description/share/robot_description/package.dsv'
[4.631s] INFO:colcon.colcon_core.shell:Creating package script '/home/sam/work/sensor_fusion_learn/Autonomous-Mobile-Robotics/install/robot_description/share/robot_description/package.sh'
[4.633s] INFO:colcon.colcon_core.shell:Creating package script '/home/sam/work/sensor_fusion_learn/Autonomous-Mobile-Robotics/install/robot_description/share/robot_description/package.bash'
[4.634s] INFO:colcon.colcon_core.shell:Creating package script '/home/sam/work/sensor_fusion_learn/Autonomous-Mobile-Robotics/install/robot_description/share/robot_description/package.zsh'
[4.636s] Level 1:colcon.colcon_core.environment:create_file_with_runtime_dependencies(/home/sam/work/sensor_fusion_learn/Autonomous-Mobile-Robotics/install/robot_description/share/colcon-core/packages/robot_description)
[4.637s] DEBUG:colcon.colcon_parallel_executor.executor.parallel:closing loop
[4.638s] DEBUG:colcon.colcon_parallel_executor.executor.parallel:loop closed
[4.638s] DEBUG:colcon.colcon_parallel_executor.executor.parallel:run_until_complete finished with '0'
[4.639s] DEBUG:colcon.colcon_core.event_reactor:joining thread
[4.661s] INFO:colcon.colcon_core.plugin_system:Skipping extension 'colcon_notification.desktop_notification.terminal_notifier': Not used on non-Darwin systems
[4.661s] INFO:colcon.colcon_core.plugin_system:Skipping extension 'colcon_notification.desktop_notification.win32': Not used on non-Windows systems
[4.662s] INFO:colcon.colcon_notification.desktop_notification:Sending desktop notification using 'notify2'
[4.722s] DEBUG:colcon.colcon_core.event_reactor:joined thread
[4.723s] INFO:colcon.colcon_core.shell:Creating prefix script '/home/sam/work/sensor_fusion_learn/Autonomous-Mobile-Robotics/install/local_setup.ps1'
[4.728s] INFO:colcon.colcon_core.shell:Creating prefix util module '/home/sam/work/sensor_fusion_learn/Autonomous-Mobile-Robotics/install/_local_setup_util_ps1.py'
[4.735s] INFO:colcon.colcon_core.shell:Creating prefix chain script '/home/sam/work/sensor_fusion_learn/Autonomous-Mobile-Robotics/install/setup.ps1'
[4.740s] INFO:colcon.colcon_core.shell:Creating prefix script '/home/sam/work/sensor_fusion_learn/Autonomous-Mobile-Robotics/install/local_setup.sh'
[4.743s] INFO:colcon.colcon_core.shell:Creating prefix util module '/home/sam/work/sensor_fusion_learn/Autonomous-Mobile-Robotics/install/_local_setup_util_sh.py'
[4.746s] INFO:colcon.colcon_core.shell:Creating prefix chain script '/home/sam/work/sensor_fusion_learn/Autonomous-Mobile-Robotics/install/setup.sh'
[4.752s] INFO:colcon.colcon_core.shell:Creating prefix script '/home/sam/work/sensor_fusion_learn/Autonomous-Mobile-Robotics/install/local_setup.bash'
[4.754s] INFO:colcon.colcon_core.shell:Creating prefix chain script '/home/sam/work/sensor_fusion_learn/Autonomous-Mobile-Robotics/install/setup.bash'
[4.760s] INFO:colcon.colcon_core.shell:Creating prefix script '/home/sam/work/sensor_fusion_learn/Autonomous-Mobile-Robotics/install/local_setup.zsh'
[4.762s] INFO:colcon.colcon_core.shell:Creating prefix chain script '/home/sam/work/sensor_fusion_learn/Autonomous-Mobile-Robotics/install/setup.zsh'
