[0.478s] DEBUG:colcon:Command line arguments: ['/usr/bin/colcon', 'build', '--packages-select', 'robot_description']
[0.479s] DEBUG:colcon:Parsed command line arguments: Namespace(log_base=None, log_level=None, verb_name='build', build_base='build', install_base='install', merge_install=False, symlink_install=False, test_result_base=None, continue_on_error=False, executor='parallel', parallel_workers=12, event_handlers=None, ignore_user_meta=False, metas=['./colcon.meta'], base_paths=['.'], packages_ignore=None, packages_ignore_regex=None, paths=None, packages_up_to=None, packages_up_to_regex=None, packages_above=None, packages_above_and_dependencies=None, packages_above_depth=None, packages_select_by_dep=None, packages_skip_by_dep=None, packages_skip_up_to=None, packages_select_build_failed=False, packages_skip_build_finished=False, packages_select_test_failures=False, packages_skip_test_passed=False, packages_select=['robot_description'], packages_skip=None, packages_select_regex=None, packages_skip_regex=None, packages_start=None, packages_end=None, allow_overriding=[], cmake_args=None, cmake_target=None, cmake_target_skip_unavailable=False, cmake_clean_cache=False, cmake_clean_first=False, cmake_force_configure=False, ament_cmake_args=None, catkin_cmake_args=None, catkin_skip_building_tests=False, mixin_files=None, mixin=None, verb_parser=<colcon_mixin.mixin.mixin_argument.MixinArgumentDecorator object at 0x73a850ea5d60>, verb_extension=<colcon_core.verb.build.BuildVerb object at 0x73a850fca6c0>, main=<bound method BuildVerb.main of <colcon_core.verb.build.BuildVerb object at 0x73a850fca6c0>>, mixin_verb=('build',))
[0.637s] Level 1:colcon.colcon_core.package_discovery:discover_packages(colcon_meta) check parameters
[0.638s] Level 1:colcon.colcon_core.package_discovery:discover_packages(recursive) check parameters
[0.638s] Level 1:colcon.colcon_core.package_discovery:discover_packages(ignore) check parameters
[0.638s] Level 1:colcon.colcon_core.package_discovery:discover_packages(path) check parameters
[0.638s] Level 1:colcon.colcon_core.package_discovery:discover_packages(colcon_meta) discover
[0.638s] Level 1:colcon.colcon_core.package_discovery:discover_packages(recursive) discover
[0.639s] INFO:colcon.colcon_core.package_discovery:Crawling recursively for packages in '/home/sam/work/sensor_fusion_learn/Autonomous-Mobile-Robotics'
[0.639s] Level 1:colcon.colcon_core.package_identification:_identify(.) by extensions ['ignore', 'ignore_ament_install']
[0.639s] Level 1:colcon.colcon_core.package_identification:_identify(.) by extension 'ignore'
[0.640s] Level 1:colcon.colcon_core.package_identification:_identify(.) by extension 'ignore_ament_install'
[0.640s] Level 1:colcon.colcon_core.package_identification:_identify(.) by extensions ['colcon_pkg']
[0.640s] Level 1:colcon.colcon_core.package_identification:_identify(.) by extension 'colcon_pkg'
[0.640s] Level 1:colcon.colcon_core.package_identification:_identify(.) by extensions ['colcon_meta']
[0.640s] Level 1:colcon.colcon_core.package_identification:_identify(.) by extension 'colcon_meta'
[0.640s] Level 1:colcon.colcon_core.package_identification:_identify(.) by extensions ['ros']
[0.641s] Level 1:colcon.colcon_core.package_identification:_identify(.) by extension 'ros'
[0.749s] Level 1:colcon.colcon_core.package_identification:_identify(.) by extensions ['cmake', 'python']
[0.749s] Level 1:colcon.colcon_core.package_identification:_identify(.) by extension 'cmake'
[0.749s] Level 1:colcon.colcon_core.package_identification:_identify(.) by extension 'python'
[0.749s] Level 1:colcon.colcon_core.package_identification:_identify(.) by extensions ['python_setup_py']
[0.749s] Level 1:colcon.colcon_core.package_identification:_identify(.) by extension 'python_setup_py'
[0.750s] Level 1:colcon.colcon_core.package_identification:_identify(build) by extensions ['ignore', 'ignore_ament_install']
[0.750s] Level 1:colcon.colcon_core.package_identification:_identify(build) by extension 'ignore'
[0.751s] Level 1:colcon.colcon_core.package_identification:_identify(build) ignored
[0.751s] Level 1:colcon.colcon_core.package_identification:_identify(install) by extensions ['ignore', 'ignore_ament_install']
[0.751s] Level 1:colcon.colcon_core.package_identification:_identify(install) by extension 'ignore'
[0.752s] Level 1:colcon.colcon_core.package_identification:_identify(install) ignored
[0.752s] Level 1:colcon.colcon_core.package_identification:_identify(log) by extensions ['ignore', 'ignore_ament_install']
[0.752s] Level 1:colcon.colcon_core.package_identification:_identify(log) by extension 'ignore'
[0.752s] Level 1:colcon.colcon_core.package_identification:_identify(log) ignored
[0.753s] Level 1:colcon.colcon_core.package_identification:_identify(src) by extensions ['ignore', 'ignore_ament_install']
[0.753s] Level 1:colcon.colcon_core.package_identification:_identify(src) by extension 'ignore'
[0.754s] Level 1:colcon.colcon_core.package_identification:_identify(src) by extension 'ignore_ament_install'
[0.754s] Level 1:colcon.colcon_core.package_identification:_identify(src) by extensions ['colcon_pkg']
[0.754s] Level 1:colcon.colcon_core.package_identification:_identify(src) by extension 'colcon_pkg'
[0.754s] Level 1:colcon.colcon_core.package_identification:_identify(src) by extensions ['colcon_meta']
[0.754s] Level 1:colcon.colcon_core.package_identification:_identify(src) by extension 'colcon_meta'
[0.754s] Level 1:colcon.colcon_core.package_identification:_identify(src) by extensions ['ros']
[0.755s] Level 1:colcon.colcon_core.package_identification:_identify(src) by extension 'ros'
[0.755s] Level 1:colcon.colcon_core.package_identification:_identify(src) by extensions ['cmake', 'python']
[0.755s] Level 1:colcon.colcon_core.package_identification:_identify(src) by extension 'cmake'
[0.755s] Level 1:colcon.colcon_core.package_identification:_identify(src) by extension 'python'
[0.755s] Level 1:colcon.colcon_core.package_identification:_identify(src) by extensions ['python_setup_py']
[0.756s] Level 1:colcon.colcon_core.package_identification:_identify(src) by extension 'python_setup_py'
[0.756s] Level 1:colcon.colcon_core.package_identification:_identify(src/robot_description) by extensions ['ignore', 'ignore_ament_install']
[0.756s] Level 1:colcon.colcon_core.package_identification:_identify(src/robot_description) by extension 'ignore'
[0.756s] Level 1:colcon.colcon_core.package_identification:_identify(src/robot_description) by extension 'ignore_ament_install'
[0.757s] Level 1:colcon.colcon_core.package_identification:_identify(src/robot_description) by extensions ['colcon_pkg']
[0.757s] Level 1:colcon.colcon_core.package_identification:_identify(src/robot_description) by extension 'colcon_pkg'
[0.757s] Level 1:colcon.colcon_core.package_identification:_identify(src/robot_description) by extensions ['colcon_meta']
[0.757s] Level 1:colcon.colcon_core.package_identification:_identify(src/robot_description) by extension 'colcon_meta'
[0.757s] Level 1:colcon.colcon_core.package_identification:_identify(src/robot_description) by extensions ['ros']
[0.757s] Level 1:colcon.colcon_core.package_identification:_identify(src/robot_description) by extension 'ros'
[0.766s] DEBUG:colcon.colcon_core.package_identification:Package 'src/robot_description' with type 'ros.ament_cmake' and name 'robot_description'
[0.767s] Level 1:colcon.colcon_core.package_discovery:discover_packages(recursive) using defaults
[0.767s] Level 1:colcon.colcon_core.package_discovery:discover_packages(ignore) discover
[0.767s] Level 1:colcon.colcon_core.package_discovery:discover_packages(ignore) using defaults
[0.767s] Level 1:colcon.colcon_core.package_discovery:discover_packages(path) discover
[0.767s] Level 1:colcon.colcon_core.package_discovery:discover_packages(path) using defaults
[0.839s] Level 1:colcon.colcon_core.package_discovery:discover_packages(prefix_path) check parameters
[0.839s] Level 1:colcon.colcon_core.package_discovery:discover_packages(prefix_path) discover
[0.846s] DEBUG:colcon.colcon_installed_package_information.package_discovery:Found 1 installed packages in /home/sam/work/sensor_fusion_learn/Autonomous-Mobile-Robotics/install
[0.855s] DEBUG:colcon.colcon_installed_package_information.package_discovery:Found 515 installed packages in /opt/ros/jazzy
[0.863s] Level 1:colcon.colcon_core.package_discovery:discover_packages(prefix_path) using defaults
[1.156s] Level 5:colcon.colcon_core.verb:set package 'robot_description' build argument 'cmake_args' from command line to 'None'
[1.157s] Level 5:colcon.colcon_core.verb:set package 'robot_description' build argument 'cmake_target' from command line to 'None'
[1.157s] Level 5:colcon.colcon_core.verb:set package 'robot_description' build argument 'cmake_target_skip_unavailable' from command line to 'False'
[1.157s] Level 5:colcon.colcon_core.verb:set package 'robot_description' build argument 'cmake_clean_cache' from command line to 'False'
[1.157s] Level 5:colcon.colcon_core.verb:set package 'robot_description' build argument 'cmake_clean_first' from command line to 'False'
[1.157s] Level 5:colcon.colcon_core.verb:set package 'robot_description' build argument 'cmake_force_configure' from command line to 'False'
[1.157s] Level 5:colcon.colcon_core.verb:set package 'robot_description' build argument 'ament_cmake_args' from command line to 'None'
[1.157s] Level 5:colcon.colcon_core.verb:set package 'robot_description' build argument 'catkin_cmake_args' from command line to 'None'
[1.157s] Level 5:colcon.colcon_core.verb:set package 'robot_description' build argument 'catkin_skip_building_tests' from command line to 'False'
[1.157s] DEBUG:colcon.colcon_core.verb:Building package 'robot_description' with the following arguments: {'ament_cmake_args': None, 'build_base': '/home/sam/work/sensor_fusion_learn/Autonomous-Mobile-Robotics/build/robot_description', 'catkin_cmake_args': None, 'catkin_skip_building_tests': False, 'cmake_args': None, 'cmake_clean_cache': False, 'cmake_clean_first': False, 'cmake_force_configure': False, 'cmake_target': None, 'cmake_target_skip_unavailable': False, 'install_base': '/home/sam/work/sensor_fusion_learn/Autonomous-Mobile-Robotics/install/robot_description', 'merge_install': False, 'path': '/home/sam/work/sensor_fusion_learn/Autonomous-Mobile-Robotics/src/robot_description', 'symlink_install': False, 'test_result_base': None}
[1.158s] INFO:colcon.colcon_core.executor:Executing jobs using 'parallel' executor
[1.161s] DEBUG:colcon.colcon_parallel_executor.executor.parallel:run_until_complete
[1.162s] INFO:colcon.colcon_ros.task.ament_cmake.build:Building ROS package in '/home/sam/work/sensor_fusion_learn/Autonomous-Mobile-Robotics/src/robot_description' with build type 'ament_cmake'
[1.162s] INFO:colcon.colcon_cmake.task.cmake.build:Building CMake package in '/home/sam/work/sensor_fusion_learn/Autonomous-Mobile-Robotics/src/robot_description'
[1.169s] INFO:colcon.colcon_core.plugin_system:Skipping extension 'colcon_core.shell.bat': Not used on non-Windows systems
[1.170s] INFO:colcon.colcon_core.shell:Skip shell extension 'powershell' for command environment: Not usable outside of PowerShell
[1.170s] DEBUG:colcon.colcon_core.shell:Skip shell extension 'dsv' for command environment
[1.202s] DEBUG:colcon.colcon_core.event_handler.log_command:Invoking command in '/home/sam/work/sensor_fusion_learn/Autonomous-Mobile-Robotics/build/robot_description': CMAKE_PREFIX_PATH=${CMAKE_PREFIX_PATH}:/opt/ros/jazzy DEBUGINFOD_URLS=https://debuginfod.ubuntu.com /usr/bin/cmake /home/sam/work/sensor_fusion_learn/Autonomous-Mobile-Robotics/src/robot_description -DCMAKE_INSTALL_PREFIX=/home/sam/work/sensor_fusion_learn/Autonomous-Mobile-Robotics/install/robot_description
[2.510s] DEBUG:colcon.colcon_core.event_handler.log_command:Invoked command in '/home/sam/work/sensor_fusion_learn/Autonomous-Mobile-Robotics/build/robot_description' returned '0': CMAKE_PREFIX_PATH=${CMAKE_PREFIX_PATH}:/opt/ros/jazzy DEBUGINFOD_URLS=https://debuginfod.ubuntu.com /usr/bin/cmake /home/sam/work/sensor_fusion_learn/Autonomous-Mobile-Robotics/src/robot_description -DCMAKE_INSTALL_PREFIX=/home/sam/work/sensor_fusion_learn/Autonomous-Mobile-Robotics/install/robot_description
[2.515s] DEBUG:colcon.colcon_core.event_handler.log_command:Invoking command in '/home/sam/work/sensor_fusion_learn/Autonomous-Mobile-Robotics/build/robot_description': CMAKE_PREFIX_PATH=${CMAKE_PREFIX_PATH}:/opt/ros/jazzy DEBUGINFOD_URLS=https://debuginfod.ubuntu.com /usr/bin/cmake --build /home/sam/work/sensor_fusion_learn/Autonomous-Mobile-Robotics/build/robot_description -- -j12 -l12
[2.649s] DEBUG:colcon.colcon_core.event_handler.log_command:Invoked command in '/home/sam/work/sensor_fusion_learn/Autonomous-Mobile-Robotics/build/robot_description' returned '0': CMAKE_PREFIX_PATH=${CMAKE_PREFIX_PATH}:/opt/ros/jazzy DEBUGINFOD_URLS=https://debuginfod.ubuntu.com /usr/bin/cmake --build /home/sam/work/sensor_fusion_learn/Autonomous-Mobile-Robotics/build/robot_description -- -j12 -l12
[2.683s] DEBUG:colcon.colcon_core.event_handler.log_command:Invoking command in '/home/sam/work/sensor_fusion_learn/Autonomous-Mobile-Robotics/build/robot_description': CMAKE_PREFIX_PATH=${CMAKE_PREFIX_PATH}:/opt/ros/jazzy DEBUGINFOD_URLS=https://debuginfod.ubuntu.com /usr/bin/cmake --install /home/sam/work/sensor_fusion_learn/Autonomous-Mobile-Robotics/build/robot_description
[2.765s] Level 1:colcon.colcon_core.environment:create_environment_scripts_only(robot_description)
[2.767s] DEBUG:colcon.colcon_core.event_handler.log_command:Invoked command in '/home/sam/work/sensor_fusion_learn/Autonomous-Mobile-Robotics/build/robot_description' returned '0': CMAKE_PREFIX_PATH=${CMAKE_PREFIX_PATH}:/opt/ros/jazzy DEBUGINFOD_URLS=https://debuginfod.ubuntu.com /usr/bin/cmake --install /home/sam/work/sensor_fusion_learn/Autonomous-Mobile-Robotics/build/robot_description
[2.774s] Level 1:colcon.colcon_core.environment:checking '/home/sam/work/sensor_fusion_learn/Autonomous-Mobile-Robotics/install/robot_description' for CMake module files
[2.776s] Level 1:colcon.colcon_core.environment:checking '/home/sam/work/sensor_fusion_learn/Autonomous-Mobile-Robotics/install/robot_description' for CMake config files
[2.777s] Level 1:colcon.colcon_core.shell:create_environment_hook('robot_description', 'cmake_prefix_path')
[2.777s] INFO:colcon.colcon_core.shell:Creating environment hook '/home/sam/work/sensor_fusion_learn/Autonomous-Mobile-Robotics/install/robot_description/share/robot_description/hook/cmake_prefix_path.ps1'
[2.779s] INFO:colcon.colcon_core.shell:Creating environment descriptor '/home/sam/work/sensor_fusion_learn/Autonomous-Mobile-Robotics/install/robot_description/share/robot_description/hook/cmake_prefix_path.dsv'
[2.781s] INFO:colcon.colcon_core.shell:Creating environment hook '/home/sam/work/sensor_fusion_learn/Autonomous-Mobile-Robotics/install/robot_description/share/robot_description/hook/cmake_prefix_path.sh'
[2.784s] Level 1:colcon.colcon_core.environment:checking '/home/sam/work/sensor_fusion_learn/Autonomous-Mobile-Robotics/install/robot_description/bin'
[2.784s] Level 1:colcon.colcon_core.environment:checking '/home/sam/work/sensor_fusion_learn/Autonomous-Mobile-Robotics/install/robot_description/lib/pkgconfig/robot_description.pc'
[2.785s] Level 1:colcon.colcon_core.environment:checking '/home/sam/work/sensor_fusion_learn/Autonomous-Mobile-Robotics/install/robot_description/lib/python3.12/site-packages'
[2.786s] Level 1:colcon.colcon_core.environment:checking '/home/sam/work/sensor_fusion_learn/Autonomous-Mobile-Robotics/install/robot_description/bin'
[2.786s] INFO:colcon.colcon_core.shell:Creating package script '/home/sam/work/sensor_fusion_learn/Autonomous-Mobile-Robotics/install/robot_description/share/robot_description/package.ps1'
[2.789s] INFO:colcon.colcon_core.shell:Creating package descriptor '/home/sam/work/sensor_fusion_learn/Autonomous-Mobile-Robotics/install/robot_description/share/robot_description/package.dsv'
[2.790s] INFO:colcon.colcon_core.shell:Creating package script '/home/sam/work/sensor_fusion_learn/Autonomous-Mobile-Robotics/install/robot_description/share/robot_description/package.sh'
[2.792s] INFO:colcon.colcon_core.shell:Creating package script '/home/sam/work/sensor_fusion_learn/Autonomous-Mobile-Robotics/install/robot_description/share/robot_description/package.bash'
[2.795s] INFO:colcon.colcon_core.shell:Creating package script '/home/sam/work/sensor_fusion_learn/Autonomous-Mobile-Robotics/install/robot_description/share/robot_description/package.zsh'
[2.798s] Level 1:colcon.colcon_core.environment:create_file_with_runtime_dependencies(/home/sam/work/sensor_fusion_learn/Autonomous-Mobile-Robotics/install/robot_description/share/colcon-core/packages/robot_description)
[2.801s] Level 1:colcon.colcon_core.environment:create_environment_scripts_only(robot_description)
[2.802s] Level 1:colcon.colcon_core.environment:checking '/home/sam/work/sensor_fusion_learn/Autonomous-Mobile-Robotics/install/robot_description' for CMake module files
[2.804s] Level 1:colcon.colcon_core.environment:checking '/home/sam/work/sensor_fusion_learn/Autonomous-Mobile-Robotics/install/robot_description' for CMake config files
[2.805s] Level 1:colcon.colcon_core.shell:create_environment_hook('robot_description', 'cmake_prefix_path')
[2.806s] INFO:colcon.colcon_core.shell:Creating environment hook '/home/sam/work/sensor_fusion_learn/Autonomous-Mobile-Robotics/install/robot_description/share/robot_description/hook/cmake_prefix_path.ps1'
[2.808s] INFO:colcon.colcon_core.shell:Creating environment descriptor '/home/sam/work/sensor_fusion_learn/Autonomous-Mobile-Robotics/install/robot_description/share/robot_description/hook/cmake_prefix_path.dsv'
[2.809s] INFO:colcon.colcon_core.shell:Creating environment hook '/home/sam/work/sensor_fusion_learn/Autonomous-Mobile-Robotics/install/robot_description/share/robot_description/hook/cmake_prefix_path.sh'
[2.811s] Level 1:colcon.colcon_core.environment:checking '/home/sam/work/sensor_fusion_learn/Autonomous-Mobile-Robotics/install/robot_description/bin'
[2.811s] Level 1:colcon.colcon_core.environment:checking '/home/sam/work/sensor_fusion_learn/Autonomous-Mobile-Robotics/install/robot_description/lib/pkgconfig/robot_description.pc'
[2.812s] Level 1:colcon.colcon_core.environment:checking '/home/sam/work/sensor_fusion_learn/Autonomous-Mobile-Robotics/install/robot_description/lib/python3.12/site-packages'
[2.813s] Level 1:colcon.colcon_core.environment:checking '/home/sam/work/sensor_fusion_learn/Autonomous-Mobile-Robotics/install/robot_description/bin'
[2.814s] INFO:colcon.colcon_core.shell:Creating package script '/home/sam/work/sensor_fusion_learn/Autonomous-Mobile-Robotics/install/robot_description/share/robot_description/package.ps1'
[2.816s] INFO:colcon.colcon_core.shell:Creating package descriptor '/home/sam/work/sensor_fusion_learn/Autonomous-Mobile-Robotics/install/robot_description/share/robot_description/package.dsv'
[2.818s] INFO:colcon.colcon_core.shell:Creating package script '/home/sam/work/sensor_fusion_learn/Autonomous-Mobile-Robotics/install/robot_description/share/robot_description/package.sh'
[2.820s] INFO:colcon.colcon_core.shell:Creating package script '/home/sam/work/sensor_fusion_learn/Autonomous-Mobile-Robotics/install/robot_description/share/robot_description/package.bash'
[2.821s] INFO:colcon.colcon_core.shell:Creating package script '/home/sam/work/sensor_fusion_learn/Autonomous-Mobile-Robotics/install/robot_description/share/robot_description/package.zsh'
[2.822s] Level 1:colcon.colcon_core.environment:create_file_with_runtime_dependencies(/home/sam/work/sensor_fusion_learn/Autonomous-Mobile-Robotics/install/robot_description/share/colcon-core/packages/robot_description)
[2.823s] DEBUG:colcon.colcon_parallel_executor.executor.parallel:closing loop
[2.824s] DEBUG:colcon.colcon_parallel_executor.executor.parallel:loop closed
[2.825s] DEBUG:colcon.colcon_parallel_executor.executor.parallel:run_until_complete finished with '0'
[2.825s] DEBUG:colcon.colcon_core.event_reactor:joining thread
[2.844s] INFO:colcon.colcon_core.plugin_system:Skipping extension 'colcon_notification.desktop_notification.terminal_notifier': Not used on non-Darwin systems
[2.845s] INFO:colcon.colcon_core.plugin_system:Skipping extension 'colcon_notification.desktop_notification.win32': Not used on non-Windows systems
[2.845s] INFO:colcon.colcon_notification.desktop_notification:Sending desktop notification using 'notify2'
[2.898s] DEBUG:colcon.colcon_core.event_reactor:joined thread
[2.899s] INFO:colcon.colcon_core.shell:Creating prefix script '/home/sam/work/sensor_fusion_learn/Autonomous-Mobile-Robotics/install/local_setup.ps1'
[2.902s] INFO:colcon.colcon_core.shell:Creating prefix util module '/home/sam/work/sensor_fusion_learn/Autonomous-Mobile-Robotics/install/_local_setup_util_ps1.py'
[2.906s] INFO:colcon.colcon_core.shell:Creating prefix chain script '/home/sam/work/sensor_fusion_learn/Autonomous-Mobile-Robotics/install/setup.ps1'
[2.909s] INFO:colcon.colcon_core.shell:Creating prefix script '/home/sam/work/sensor_fusion_learn/Autonomous-Mobile-Robotics/install/local_setup.sh'
[2.911s] INFO:colcon.colcon_core.shell:Creating prefix util module '/home/sam/work/sensor_fusion_learn/Autonomous-Mobile-Robotics/install/_local_setup_util_sh.py'
[2.914s] INFO:colcon.colcon_core.shell:Creating prefix chain script '/home/sam/work/sensor_fusion_learn/Autonomous-Mobile-Robotics/install/setup.sh'
[2.921s] INFO:colcon.colcon_core.shell:Creating prefix script '/home/sam/work/sensor_fusion_learn/Autonomous-Mobile-Robotics/install/local_setup.bash'
[2.922s] INFO:colcon.colcon_core.shell:Creating prefix chain script '/home/sam/work/sensor_fusion_learn/Autonomous-Mobile-Robotics/install/setup.bash'
[2.926s] INFO:colcon.colcon_core.shell:Creating prefix script '/home/sam/work/sensor_fusion_learn/Autonomous-Mobile-Robotics/install/local_setup.zsh'
[2.928s] INFO:colcon.colcon_core.shell:Creating prefix chain script '/home/sam/work/sensor_fusion_learn/Autonomous-Mobile-Robotics/install/setup.zsh'
